
[1m[46m RUN [49m[22m [36mv4.0.18 [39m[90mC:/Users/Hanz Mapua/Workspace/HabitForge[39m

 [31mΓ¥»[39m src/layouts/DashboardLayout.test.tsx [2m([22m[2m2 tests[22m[2m | [22m[31m1 failed[39m[2m)[22m[32m 245[2mms[22m[39m
     [32mΓ£ô[39m renders the mocked sidebar and children[32m 35[2mms[22m[39m
[31m     [31m├ù[31m toggles mobile menu state passed to sidebar[39m[32m 208[2mms[22m[39m
node.exe : 
At C:\Program Files\nodejs\npx.ps1:29 
char:3
+   & $NODE_EXE $NPX_CLI_JS $args
+   ~~~~~~~~~~~~~~~~~~~~~~~~~~~~~
    + CategoryInfo          : NotSpecifie 
   d: (:String) [], RemoteException
    + FullyQualifiedErrorId : NativeComma 
   ndError
 
[31mΓÄ»ΓÄ»ΓÄ»ΓÄ»ΓÄ»ΓÄ»ΓÄ»[39m[1m[41m 
Failed Tests 1 
[49m[22m[31mΓÄ»ΓÄ»ΓÄ»ΓÄ»ΓÄ»ΓÄ»ΓÄ»[39m

[41m[1m FAIL [22m[49m 
src/layouts/DashboardLayout.test.tsx[2m 
> [22mDashboardLayout[2m > [22mtoggles 
mobile menu state passed to sidebar
[31m[1mTestingLibraryElementError[22m: 
Unable to find an accessible element with 
the role "button" and name `/close 
sidebar/i`

Here are the accessible roles:

  button:

  Name "Close menu":
  [36m<button[31m
    [33maria-label[31m=[32m"Close 
menu"[31m
  [36m/>[31m

  Name "Open menu":
  [36m<button[31m
    
[33mclass[31m=[32m"text-text-secondary 
hover:text-text-primary 
focus:outline-none"[31m
  [36m/>[31m

  ----------------------------------------
----------
  banner:

  Name "":
  [36m<header[31m
    [33mclass[31m=[32m"flex 
items-center justify-between h-16 px-4 
border-b border-subtle bg-secondary 
md:hidden"[31m
  [36m/>[31m

  ----------------------------------------
----------
  main:

  Name "":
  [36m<main[31m
    [33mclass[31m=[32m"flex-1 
overflow-y-auto p-4 md:p-8"[31m
  [36m/>[31m

  ----------------------------------------
----------

Ignored nodes: comments, script, style
[36m<body>[31m
  [36m<div>[31m
    [36m<div>[31m
      [36m<div[31m
        [33mclass[31m=[32m"flex 
h-screen bg-primary text-text-primary 
font-satoshi overflow-hidden"[31m
      [36m>[31m
        [36m<div[31m
          [33mdata-testid[31m=[32m"mock
-sidebar"[31m
        [36m>[31m
          [0mSidebar is [0m
          [0mOpen[0m
          [36m<button[31m
            
[33maria-label[31m=[32m"Close 
menu"[31m
          [36m>[31m
            [0mClose Sidebar[0m
          [36m</button>[31m
        [36m</div>[31m
        [36m<div[31m
          [33mclass[31m=[32m"flex 
flex-col flex-1 min-w-0 
overflow-hidden"[31m
        [36m>[31m
          [36m<header[31m
            [33mclass[31m=[32m"flex 
items-center justify-between h-16 px-4 
border-b border-subtle bg-secondary 
md:hidden"[31m
          [36m>[31m
            [36m<span[31m
              
[33mclass[31m=[32m"text-xl font-bold 
text-accent-primary"[31m
            [36m>[31m
              [0mHabitForge[0m
            [36m</span>[31m
            [36m<button[31m
              
[33mclass[31m=[32m"text-text-secondary 
hover:text-text-primary 
focus:outline-none"[31m
            [36m>[31m
              [36m<svg[31m
                [33mdata-testid[31m=[32
m"icon-menu"[31m
              [36m/>[31m
              [36m<span[31m
                
[33mclass[31m=[32m"sr-only"[31m
              [36m>[31m
                [0mOpen menu[0m
              [36m</span>[31m
            [36m</button>[31m
          [36m</header>[31m
          [36m<main[31m
            [33mclass[31m=[32m"flex-1 
overflow-y-auto p-4 md:p-8"[31m
          [36m>[31m
            [36m<div[31m
              
[33mclass[31m=[32m"max-w-7xl 
mx-auto"[31m
            [36m>[31m
              [36m<div>[31m
                [0mContent[0m
              [36m</div>[31m
            [36m</div>[31m
          [36m</main>[31m
        [36m</div>[31m
      [36m</div>[31m
    [36m</div>[31m
  [36m</div>[31m
[36m</body>[31m[39m
[90m [2mΓ¥»[22m Object.getElementError 
node_modules/@testing-library/dom/dist/con
fig.js:[2m37:19[22m[39m
[90m [2mΓ¥»[22m node_modules/@testing-l
ibrary/dom/dist/query-helpers.js:[2m76:38
[22m[39m
[90m [2mΓ¥»[22m node_modules/@testing-l
ibrary/dom/dist/query-helpers.js:[2m52:17
[22m[39m
[90m [2mΓ¥»[22m node_modules/@testing-l
ibrary/dom/dist/query-helpers.js:[2m95:19
[22m[39m
[36m [2mΓ¥»[22m src/layouts/DashboardLa
yout.test.tsx:[2m71:36[22m[39m
    [90m 69| [39m
    [90m 70| [39m        [90m// Close 
menu via Sidebar callback[39m
    [90m 71| [39m        const 
closeButton = screen.getByRole('button', 
{ name: /close ΓÇª
    [90m   | [39m                       
            [31m^[39m
    [90m 72| [39m        fireEvent[33m.
[39m[34mclick[39m(closeButton)[33m;[3
9m
    [90m 73| [39m

[31m[2mΓÄ»ΓÄ»ΓÄ»ΓÄ»ΓÄ»ΓÄ»ΓÄ»ΓÄ»ΓÄ»ΓÄ»ΓÄ»
ΓÄ»ΓÄ»ΓÄ»ΓÄ»ΓÄ»ΓÄ»ΓÄ»ΓÄ»ΓÄ»ΓÄ»ΓÄ»ΓÄ»ΓÄ»[1/
1]ΓÄ»[22m[39m


[2m Test Files [22m [1m[31m1 failed[39m[22m[90m (1)[39m
[2m      Tests [22m [1m[31m1 failed[39m[22m[2m | [22m[1m[32m1 passed[39m[22m[90m (2)[39m
[2m   Start at [22m 01:55:00
[2m   Duration [22m 2.11s[2m (transform 105ms, setup 156ms, import 243ms, tests 245ms, environment 1.20s)[22m

